    37>D:\projects\misis2026-check\misis2026s-25-04-pazov-s-m\prj.labs\arrayt\arrayt.hpp(138,14): warning C4244: 'initializing': conversion from 'ptrdiff_t' to 'int', possible loss of data [D:\projects\misis2026-check\misis2026s-25-04-pazov-s-m\build.check\prj.check\prj.check\doctest_arrayt\doctest_arrayt.vcxproj]
    37>D:\projects\misis2026-check\misis2026s-25-04-pazov-s-m\prj.labs\arrayt\arrayt.hpp(127,14): warning C4244: 'initializing': conversion from 'ptrdiff_t' to 'int', possible loss of data [D:\projects\misis2026-check\misis2026s-25-04-pazov-s-m\build.check\prj.check\prj.check\doctest_arrayt\doctest_arrayt.vcxproj]
    47>D:\projects\misis2026-check\misis2026s-25-04-pazov-s-m\prj.check\prj.check\doctest_t.hpp(70,20): warning C4244: 'argument': conversion from 'double' to 'const int64_t', possible loss of data [D:\projects\misis2026-check\misis2026s-25-04-pazov-s-m\build.check\prj.check\prj.check\doctest_queuea\doctest_queuea_m.vcxproj]
    47>D:\projects\misis2026-check\misis2026s-25-04-pazov-s-m\prj.check\prj.check\doctest_t.hpp(27,29): warning C4244: '=': conversion from '_Rep' to '_Ty', possible loss of data [D:\projects\misis2026-check\misis2026s-25-04-pazov-s-m\build.check\prj.check\prj.check\doctest_queuea\doctest_queuea_m.vcxproj]
D:\projects\misis2026-check\misis2026s-25-04-pazov-s-m\prj.check\prj.check\doctest_t.hpp(27,29): warning C4244:         with [D:\projects\misis2026-check\misis2026s-25-04-pazov-s-m\build.check\prj.check\prj.check\doctest_queuea\doctest_queuea_m.vcxproj]
D:\projects\misis2026-check\misis2026s-25-04-pazov-s-m\prj.check\prj.check\doctest_t.hpp(27,29): warning C4244:         [ [D:\projects\misis2026-check\misis2026s-25-04-pazov-s-m\build.check\prj.check\prj.check\doctest_queuea\doctest_queuea_m.vcxproj]
D:\projects\misis2026-check\misis2026s-25-04-pazov-s-m\prj.check\prj.check\doctest_t.hpp(27,29): warning C4244:             _Rep=double [D:\projects\misis2026-check\misis2026s-25-04-pazov-s-m\build.check\prj.check\prj.check\doctest_queuea\doctest_queuea_m.vcxproj]
D:\projects\misis2026-check\misis2026s-25-04-pazov-s-m\prj.check\prj.check\doctest_t.hpp(27,29): warning C4244:         ] [D:\projects\misis2026-check\misis2026s-25-04-pazov-s-m\build.check\prj.check\prj.check\doctest_queuea\doctest_queuea_m.vcxproj]
D:\projects\misis2026-check\misis2026s-25-04-pazov-s-m\prj.check\prj.check\doctest_t.hpp(27,29): warning C4244:         and [D:\projects\misis2026-check\misis2026s-25-04-pazov-s-m\build.check\prj.check\prj.check\doctest_queuea\doctest_queuea_m.vcxproj]
D:\projects\misis2026-check\misis2026s-25-04-pazov-s-m\prj.check\prj.check\doctest_t.hpp(27,29): warning C4244:         [ [D:\projects\misis2026-check\misis2026s-25-04-pazov-s-m\build.check\prj.check\prj.check\doctest_queuea\doctest_queuea_m.vcxproj]
D:\projects\misis2026-check\misis2026s-25-04-pazov-s-m\prj.check\prj.check\doctest_t.hpp(27,29): warning C4244:             _Ty=int64_t [D:\projects\misis2026-check\misis2026s-25-04-pazov-s-m\build.check\prj.check\prj.check\doctest_queuea\doctest_queuea_m.vcxproj]
D:\projects\misis2026-check\misis2026s-25-04-pazov-s-m\prj.check\prj.check\doctest_t.hpp(27,29): warning C4244:         ] [D:\projects\misis2026-check\misis2026s-25-04-pazov-s-m\build.check\prj.check\prj.check\doctest_queuea\doctest_queuea_m.vcxproj]
    49>D:\projects\misis2026-check\misis2026s-25-04-pazov-s-m\prj.check\prj.check\doctest_t.hpp(70,20): warning C4244: 'argument': conversion from 'double' to 'const int64_t', possible loss of data [D:\projects\misis2026-check\misis2026s-25-04-pazov-s-m\build.check\prj.check\prj.check\doctest_queuel\doctest_queuel_m.vcxproj]
    49>D:\projects\misis2026-check\misis2026s-25-04-pazov-s-m\prj.check\prj.check\doctest_t.hpp(27,29): warning C4244: '=': conversion from '_Rep' to '_Ty', possible loss of data [D:\projects\misis2026-check\misis2026s-25-04-pazov-s-m\build.check\prj.check\prj.check\doctest_queuel\doctest_queuel_m.vcxproj]
D:\projects\misis2026-check\misis2026s-25-04-pazov-s-m\prj.check\prj.check\doctest_t.hpp(27,29): warning C4244:         with [D:\projects\misis2026-check\misis2026s-25-04-pazov-s-m\build.check\prj.check\prj.check\doctest_queuel\doctest_queuel_m.vcxproj]
D:\projects\misis2026-check\misis2026s-25-04-pazov-s-m\prj.check\prj.check\doctest_t.hpp(27,29): warning C4244:         [ [D:\projects\misis2026-check\misis2026s-25-04-pazov-s-m\build.check\prj.check\prj.check\doctest_queuel\doctest_queuel_m.vcxproj]
D:\projects\misis2026-check\misis2026s-25-04-pazov-s-m\prj.check\prj.check\doctest_t.hpp(27,29): warning C4244:             _Rep=double [D:\projects\misis2026-check\misis2026s-25-04-pazov-s-m\build.check\prj.check\prj.check\doctest_queuel\doctest_queuel_m.vcxproj]
D:\projects\misis2026-check\misis2026s-25-04-pazov-s-m\prj.check\prj.check\doctest_t.hpp(27,29): warning C4244:         ] [D:\projects\misis2026-check\misis2026s-25-04-pazov-s-m\build.check\prj.check\prj.check\doctest_queuel\doctest_queuel_m.vcxproj]
D:\projects\misis2026-check\misis2026s-25-04-pazov-s-m\prj.check\prj.check\doctest_t.hpp(27,29): warning C4244:         and [D:\projects\misis2026-check\misis2026s-25-04-pazov-s-m\build.check\prj.check\prj.check\doctest_queuel\doctest_queuel_m.vcxproj]
D:\projects\misis2026-check\misis2026s-25-04-pazov-s-m\prj.check\prj.check\doctest_t.hpp(27,29): warning C4244:         [ [D:\projects\misis2026-check\misis2026s-25-04-pazov-s-m\build.check\prj.check\prj.check\doctest_queuel\doctest_queuel_m.vcxproj]
D:\projects\misis2026-check\misis2026s-25-04-pazov-s-m\prj.check\prj.check\doctest_t.hpp(27,29): warning C4244:             _Ty=int64_t [D:\projects\misis2026-check\misis2026s-25-04-pazov-s-m\build.check\prj.check\prj.check\doctest_queuel\doctest_queuel_m.vcxproj]
D:\projects\misis2026-check\misis2026s-25-04-pazov-s-m\prj.check\prj.check\doctest_t.hpp(27,29): warning C4244:         ] [D:\projects\misis2026-check\misis2026s-25-04-pazov-s-m\build.check\prj.check\prj.check\doctest_queuel\doctest_queuel_m.vcxproj]
